<html>

<head>
    <title>Example - Graphics</title>

<body>
    <div>
        <p><img src="www-simplehtmlguide-com-examples-images2-html_files/www-simplehtmlguide-com-examples-photo.jpg"
                alt="green cheek conure" align="right"></p>
        <p><a href="http://google.com/search?q=green+cheek+conure"><img
                    src="www-simplehtmlguide-com-examples-images2-html_files/www-simplehtmlguide-com-examples-photo.jpg"
                    alt="search conure" border="0"></a></p>
        <p><img src="www-simplehtmlguide-com-examples-images2-html_files/www-simplehtmlguide-com-examples-photo.jpg"
                height="40" width="50%" border="3" atl="stretched"></p>
    </div>
    <div>
        <center>
            <p>
                <hr>
                <font size="2">--- End Of Example ---</font>
                <br>
                <br>Close this window to go back to the guide.
            </p>
        </center>
    </div>
</body>

</html>